Archive member included to satisfy reference by file (symbol)

d:/st/stm32cubeide_1.5.1/stm32cubeide/plugins/com.st.stm32cube.ide.mcu.externaltools.gnu-tools-for-stm32.7-2018-q2-update.win32_1.5.0.202011040924/tools/bin/../lib/gcc/arm-none-eabi/7.3.1/../../../../arm-none-eabi/lib/thumb/v7e-m/fpv4-sp/hard\libc_nano.a(lib_a-errno.o)
                              Src/syscalls.o (__errno)
d:/st/stm32cubeide_1.5.1/stm32cubeide/plugins/com.st.stm32cube.ide.mcu.externaltools.gnu-tools-for-stm32.7-2018-q2-update.win32_1.5.0.202011040924/tools/bin/../lib/gcc/arm-none-eabi/7.3.1/../../../../arm-none-eabi/lib/thumb/v7e-m/fpv4-sp/hard\libc_nano.a(lib_a-exit.o)
                              d:/st/stm32cubeide_1.5.1/stm32cubeide/plugins/com.st.stm32cube.ide.mcu.externaltools.gnu-tools-for-stm32.7-2018-q2-update.win32_1.5.0.202011040924/tools/bin/../lib/gcc/arm-none-eabi/7.3.1/../../../../arm-none-eabi/lib/thumb/v7e-m/fpv4-sp/hard/crt0.o (exit)
d:/st/stm32cubeide_1.5.1/stm32cubeide/plugins/com.st.stm32cube.ide.mcu.externaltools.gnu-tools-for-stm32.7-2018-q2-update.win32_1.5.0.202011040924/tools/bin/../lib/gcc/arm-none-eabi/7.3.1/../../../../arm-none-eabi/lib/thumb/v7e-m/fpv4-sp/hard\libc_nano.a(lib_a-impure.o)
                              d:/st/stm32cubeide_1.5.1/stm32cubeide/plugins/com.st.stm32cube.ide.mcu.externaltools.gnu-tools-for-stm32.7-2018-q2-update.win32_1.5.0.202011040924/tools/bin/../lib/gcc/arm-none-eabi/7.3.1/../../../../arm-none-eabi/lib/thumb/v7e-m/fpv4-sp/hard\libc_nano.a(lib_a-exit.o) (_global_impure_ptr)
d:/st/stm32cubeide_1.5.1/stm32cubeide/plugins/com.st.stm32cube.ide.mcu.externaltools.gnu-tools-for-stm32.7-2018-q2-update.win32_1.5.0.202011040924/tools/bin/../lib/gcc/arm-none-eabi/7.3.1/../../../../arm-none-eabi/lib/thumb/v7e-m/fpv4-sp/hard\libc_nano.a(lib_a-init.o)
                              d:/st/stm32cubeide_1.5.1/stm32cubeide/plugins/com.st.stm32cube.ide.mcu.externaltools.gnu-tools-for-stm32.7-2018-q2-update.win32_1.5.0.202011040924/tools/bin/../lib/gcc/arm-none-eabi/7.3.1/../../../../arm-none-eabi/lib/thumb/v7e-m/fpv4-sp/hard/crt0.o (__libc_init_array)
d:/st/stm32cubeide_1.5.1/stm32cubeide/plugins/com.st.stm32cube.ide.mcu.externaltools.gnu-tools-for-stm32.7-2018-q2-update.win32_1.5.0.202011040924/tools/bin/../lib/gcc/arm-none-eabi/7.3.1/../../../../arm-none-eabi/lib/thumb/v7e-m/fpv4-sp/hard\libc_nano.a(lib_a-memset.o)
                              d:/st/stm32cubeide_1.5.1/stm32cubeide/plugins/com.st.stm32cube.ide.mcu.externaltools.gnu-tools-for-stm32.7-2018-q2-update.win32_1.5.0.202011040924/tools/bin/../lib/gcc/arm-none-eabi/7.3.1/../../../../arm-none-eabi/lib/thumb/v7e-m/fpv4-sp/hard/crt0.o (memset)
d:/st/stm32cubeide_1.5.1/stm32cubeide/plugins/com.st.stm32cube.ide.mcu.externaltools.gnu-tools-for-stm32.7-2018-q2-update.win32_1.5.0.202011040924/tools/bin/../lib/gcc/arm-none-eabi/7.3.1/../../../../arm-none-eabi/lib/thumb/v7e-m/fpv4-sp/hard\libc_nano.a(lib_a-printf.o)
                              Src/main.o (printf)
d:/st/stm32cubeide_1.5.1/stm32cubeide/plugins/com.st.stm32cube.ide.mcu.externaltools.gnu-tools-for-stm32.7-2018-q2-update.win32_1.5.0.202011040924/tools/bin/../lib/gcc/arm-none-eabi/7.3.1/../../../../arm-none-eabi/lib/thumb/v7e-m/fpv4-sp/hard\libc_nano.a(lib_a-findfp.o)
                              d:/st/stm32cubeide_1.5.1/stm32cubeide/plugins/com.st.stm32cube.ide.mcu.externaltools.gnu-tools-for-stm32.7-2018-q2-update.win32_1.5.0.202011040924/tools/bin/../lib/gcc/arm-none-eabi/7.3.1/../../../../arm-none-eabi/lib/thumb/v7e-m/fpv4-sp/hard\libc_nano.a(lib_a-printf.o) (__sinit)
d:/st/stm32cubeide_1.5.1/stm32cubeide/plugins/com.st.stm32cube.ide.mcu.externaltools.gnu-tools-for-stm32.7-2018-q2-update.win32_1.5.0.202011040924/tools/bin/../lib/gcc/arm-none-eabi/7.3.1/../../../../arm-none-eabi/lib/thumb/v7e-m/fpv4-sp/hard\libc_nano.a(lib_a-fwalk.o)
                              d:/st/stm32cubeide_1.5.1/stm32cubeide/plugins/com.st.stm32cube.ide.mcu.externaltools.gnu-tools-for-stm32.7-2018-q2-update.win32_1.5.0.202011040924/tools/bin/../lib/gcc/arm-none-eabi/7.3.1/../../../../arm-none-eabi/lib/thumb/v7e-m/fpv4-sp/hard\libc_nano.a(lib_a-findfp.o) (_fwalk)
d:/st/stm32cubeide_1.5.1/stm32cubeide/plugins/com.st.stm32cube.ide.mcu.externaltools.gnu-tools-for-stm32.7-2018-q2-update.win32_1.5.0.202011040924/tools/bin/../lib/gcc/arm-none-eabi/7.3.1/../../../../arm-none-eabi/lib/thumb/v7e-m/fpv4-sp/hard\libc_nano.a(lib_a-nano-mallocr.o)
                              d:/st/stm32cubeide_1.5.1/stm32cubeide/plugins/com.st.stm32cube.ide.mcu.externaltools.gnu-tools-for-stm32.7-2018-q2-update.win32_1.5.0.202011040924/tools/bin/../lib/gcc/arm-none-eabi/7.3.1/../../../../arm-none-eabi/lib/thumb/v7e-m/fpv4-sp/hard\libc_nano.a(lib_a-findfp.o) (_malloc_r)
[...]
Memory Configuration

Name             Origin             Length             Attributes
ROM              0x0000000008000000 0x0000000000100000 xr
RAM              0x0000000020000000 0x0000000000020000 xrw
*default*        0x0000000000000000 0xffffffffffffffff

Linker script and memory map

LOAD d:/st/stm32cubeide_1.5.1/stm32cubeide/plugins/com.st.stm32cube.ide.mcu.externaltools.gnu-tools-for-stm32.7-2018-q2-update.win32_1.5.0.202011040924/tools/bin/../lib/gcc/arm-none-eabi/7.3.1/thumb/v7e-m/fpv4-sp/hard/crti.o
LOAD d:/st/stm32cubeide_1.5.1/stm32cubeide/plugins/com.st.stm32cube.ide.mcu.externaltools.gnu-tools-for-stm32.7-2018-q2-update.win32_1.5.0.202011040924/tools/bin/../lib/gcc/arm-none-eabi/7.3.1/thumb/v7e-m/fpv4-sp/hard/crtbegin.o
LOAD d:/st/stm32cubeide_1.5.1/stm32cubeide/plugins/com.st.stm32cube.ide.mcu.externaltools.gnu-tools-for-stm32.7-2018-q2-update.win32_1.5.0.202011040924/tools/bin/../lib/gcc/arm-none-eabi/7.3.1/../../../../arm-none-eabi/lib/thumb/v7e-m/fpv4-sp/hard/crt0.o
LOAD Src/main.o
LOAD Src/syscalls.o
LOAD Src/sysmem.o
LOAD Startup/startup_stm32f407vgtx.o
START GROUP
LOAD d:/st/stm32cubeide_1.5.1/stm32cubeide/plugins/com.st.stm32cube.ide.mcu.externaltools.gnu-tools-for-stm32.7-2018-q2-update.win32_1.5.0.202011040924/tools/bin/../lib/gcc/arm-none-eabi/7.3.1/../../../../arm-none-eabi/lib/thumb/v7e-m/fpv4-sp/hard\libc_nano.a
LOAD d:/st/stm32cubeide_1.5.1/stm32cubeide/plugins/com.st.stm32cube.ide.mcu.externaltools.gnu-tools-for-stm32.7-2018-q2-update.win32_1.5.0.202011040924/tools/bin/../lib/gcc/arm-none-eabi/7.3.1/../../../../arm-none-eabi/lib/thumb/v7e-m/fpv4-sp/hard\libm.a
END GROUP
START GROUP
LOAD d:/st/stm32cubeide_1.5.1/stm32cubeide/plugins/com.st.stm32cube.ide.mcu.externaltools.gnu-tools-for-stm32.7-2018-q2-update.win32_1.5.0.202011040924/tools/bin/../lib/gcc/arm-none-eabi/7.3.1/thumb/v7e-m/fpv4-sp/hard\libgcc.a
LOAD d:/st/stm32cubeide_1.5.1/stm32cubeide/plugins/com.st.stm32cube.ide.mcu.externaltools.gnu-tools-for-stm32.7-2018-q2-update.win32_1.5.0.202011040924/tools/bin/../lib/gcc/arm-none-eabi/7.3.1/../../../../arm-none-eabi/lib/thumb/v7e-m/fpv4-sp/hard\libc_nano.a
END GROUP
START GROUP
LOAD d:/st/stm32cubeide_1.5.1/stm32cubeide/plugins/com.st.stm32cube.ide.mcu.externaltools.gnu-tools-for-stm32.7-2018-q2-update.win32_1.5.0.202011040924/tools/bin/../lib/gcc/arm-none-eabi/7.3.1/thumb/v7e-m/fpv4-sp/hard\libgcc.a
LOAD d:/st/stm32cubeide_1.5.1/stm32cubeide/plugins/com.st.stm32cube.ide.mcu.externaltools.gnu-tools-for-stm32.7-2018-q2-update.win32_1.5.0.202011040924/tools/bin/../lib/gcc/arm-none-eabi/7.3.1/../../../../arm-none-eabi/lib/thumb/v7e-m/fpv4-sp/hard\libc_nano.a
LOAD d:/st/stm32cubeide_1.5.1/stm32cubeide/plugins/com.st.stm32cube.ide.mcu.externaltools.gnu-tools-for-stm32.7-2018-q2-update.win32_1.5.0.202011040924/tools/bin/../lib/gcc/arm-none-eabi/7.3.1/../../../../arm-none-eabi/lib/thumb/v7e-m/fpv4-sp/hard\libnosys.a
END GROUP
START GROUP
LOAD d:/st/stm32cubeide_1.5.1/stm32cubeide/plugins/com.st.stm32cube.ide.mcu.externaltools.gnu-tools-for-stm32.7-2018-q2-update.win32_1.5.0.202011040924/tools/bin/../lib/gcc/arm-none-eabi/7.3.1/thumb/v7e-m/fpv4-sp/hard\libgcc.a
LOAD d:/st/stm32cubeide_1.5.1/stm32cubeide/plugins/com.st.stm32cube.ide.mcu.externaltools.gnu-tools-for-stm32.7-2018-q2-update.win32_1.5.0.202011040924/tools/bin/../lib/gcc/arm-none-eabi/7.3.1/../../../../arm-none-eabi/lib/thumb/v7e-m/fpv4-sp/hard\libc_nano.a
LOAD d:/st/stm32cubeide_1.5.1/stm32cubeide/plugins/com.st.stm32cube.ide.mcu.externaltools.gnu-tools-for-stm32.7-2018-q2-update.win32_1.5.0.202011040924/tools/bin/../lib/gcc/arm-none-eabi/7.3.1/../../../../arm-none-eabi/lib/thumb/v7e-m/fpv4-sp/hard\libnosys.a
END GROUP
LOAD d:/st/stm32cubeide_1.5.1/stm32cubeide/plugins/com.st.stm32cube.ide.mcu.externaltools.gnu-tools-for-stm32.7-2018-q2-update.win32_1.5.0.202011040924/tools/bin/../lib/gcc/arm-none-eabi/7.3.1/thumb/v7e-m/fpv4-sp/hard/crtend.o
LOAD d:/st/stm32cubeide_1.5.1/stm32cubeide/plugins/com.st.stm32cube.ide.mcu.externaltools.gnu-tools-for-stm32.7-2018-q2-update.win32_1.5.0.202011040924/tools/bin/../lib/gcc/arm-none-eabi/7.3.1/thumb/v7e-m/fpv4-sp/hard/crtn.o
                0x0000000020020000                _estack = 0x20020000
                0x0000000000000200                _Min_Heap_Size = 0x200
                0x0000000000000400                _Min_Stack_Size = 0x400

.isr_vector     0x0000000008000000      0x1a8
                0x0000000008000000                . = ALIGN (0x4)
 *(.isr_vector)
 .isr_vector    0x0000000008000000      0x1a8 Startup/startup_stm32f407vgtx.o
                0x0000000008000000                g_pfnVectors
                0x00000000080001a8                . = ALIGN (0x4)

.text           0x00000000080001b0     0x112c
                0x00000000080001b0                . = ALIGN (0x4)
 *(.text)
 .text          0x00000000080001b0       0x40 d:/st/stm32cubeide_1.5.1/stm32cubeide/plugins/com.st.stm32cube.ide.mcu.externaltools.gnu-tools-for-stm32.7-2018-q2-update.win32_1.5.0.202011040924/tools/bin/../lib/gcc/arm-none-eabi/7.3.1/thumb/v7e-m/fpv4-sp/hard/crtbegin.o
 .text          0x00000000080001f0       0xa0 d:/st/stm32cubeide_1.5.1/stm32cubeide/plugins/com.st.stm32cube.ide.mcu.externaltools.gnu-tools-for-stm32.7-2018-q2-update.win32_1.5.0.202011040924/tools/bin/../lib/gcc/arm-none-eabi/7.3.1/../../../../arm-none-eabi/lib/thumb/v7e-m/fpv4-sp/hard\libc_nano.a(lib_a-memchr.o)
                0x00000000080001f0                memchr
 *(.text*)
 .text.main     0x0000000008000290       0x30 Src/main.o
                0x0000000008000290                main
 .text.ITM_SendChar
                0x00000000080002c0       0x50 Src/syscalls.o
                0x00000000080002c0                ITM_SendChar
 .text._read    0x0000000008000310       0x3a Src/syscalls.o
                0x0000000008000310                _read
 .text._write   0x000000000800034a       0x38 Src/syscalls.o
                0x000000000800034a                _write
 .text._close   0x0000000008000382       0x18 Src/syscalls.o
                0x0000000008000382                _close
 .text._fstat   0x000000000800039a       0x20 Src/syscalls.o
                0x000000000800039a                _fstat
 .text._isatty  0x00000000080003ba       0x16 Src/syscalls.o
                0x00000000080003ba                _isatty
 .text._lseek   0x00000000080003d0       0x1a Src/syscalls.o
                0x00000000080003d0                _lseek
 *fill*         0x00000000080003ea        0x2 
 .text._sbrk    0x00000000080003ec       0x58 Src/sysmem.o
                0x00000000080003ec                _sbrk
 .text.Reset_Handler
                0x0000000008000444       0x50 Startup/startup_stm32f407vgtx.o
                0x0000000008000444                Reset_Handler
 .text.Default_Handler
                0x0000000008000494        0x2 Startup/startup_stm32f407vgtx.o
                0x0000000008000494                RTC_Alarm_IRQHandler
                0x0000000008000494                HASH_RNG_IRQHandler
                0x0000000008000494                EXTI2_IRQHandler
                0x0000000008000494                TIM8_CC_IRQHandler
                0x0000000008000494                DebugMon_Handler
                0x0000000008000494                TIM1_CC_IRQHandler
                0x0000000008000494                DMA2_Stream5_IRQHandler
                0x0000000008000494                HardFault_Handler
                0x0000000008000494                DMA1_Stream5_IRQHandler
                0x0000000008000494                SysTick_Handler
                0x0000000008000494                PVD_IRQHandler
                0x0000000008000494                SDIO_IRQHandler
                0x0000000008000494                TAMP_STAMP_IRQHandler
                0x0000000008000494                PendSV_Handler
                0x0000000008000494                NMI_Handler
                0x0000000008000494                CAN2_RX1_IRQHandler
                0x0000000008000494                EXTI3_IRQHandler
                0x0000000008000494                TIM8_TRG_COM_TIM14_IRQHandler
                0x0000000008000494                TIM1_UP_TIM10_IRQHandler
                0x0000000008000494                TIM8_UP_TIM13_IRQHandler
                0x0000000008000494                I2C3_ER_IRQHandler
                0x0000000008000494                LCD_TFT_IRQHandler
                0x0000000008000494                EXTI0_IRQHandler
                0x0000000008000494                I2C2_EV_IRQHandler
                0x0000000008000494                DMA1_Stream2_IRQHandler
                0x0000000008000494                CAN1_RX0_IRQHandler
                0x0000000008000494                FPU_IRQHandler
                0x0000000008000494                OTG_HS_WKUP_IRQHandler
                0x0000000008000494                UsageFault_Handler
                0x0000000008000494                CAN2_SCE_IRQHandler
                0x0000000008000494                DMA2_Stream2_IRQHandler
                0x0000000008000494                SPI1_IRQHandler
                0x0000000008000494                TIM6_DAC_IRQHandler
                0x0000000008000494                TIM1_BRK_TIM9_IRQHandler
                0x0000000008000494                DCMI_IRQHandler
                0x0000000008000494                CAN2_RX0_IRQHandler
                0x0000000008000494                DMA2_Stream3_IRQHandler
                0x0000000008000494                USART6_IRQHandler
                0x0000000008000494                USART3_IRQHandler
                0x0000000008000494                CRYP_IRQHandler
                0x0000000008000494                CAN1_RX1_IRQHandler
                0x0000000008000494                UART5_IRQHandler
                0x0000000008000494                DMA2_Stream0_IRQHandler
                0x0000000008000494                TIM4_IRQHandler
                0x0000000008000494                I2C1_EV_IRQHandler
                0x0000000008000494                DMA1_Stream6_IRQHandler
                0x0000000008000494                DMA1_Stream1_IRQHandler
                0x0000000008000494                UART4_IRQHandler
                0x0000000008000494                LCD_TFT_1_IRQHandler
                0x0000000008000494                TIM3_IRQHandler
                0x0000000008000494                RCC_IRQHandler
                0x0000000008000494                TIM8_BRK_TIM12_IRQHandler
                0x0000000008000494                Default_Handler
                0x0000000008000494                EXTI15_10_IRQHandler
                0x0000000008000494                ADC_IRQHandler
                0x0000000008000494                DMA1_Stream7_IRQHandler
                0x0000000008000494                TIM7_IRQHandler
                0x0000000008000494                CAN2_TX_IRQHandler
                0x0000000008000494                TIM5_IRQHandler
                0x0000000008000494                DMA2_Stream7_IRQHandler
                0x0000000008000494                I2C3_EV_IRQHandler
                0x0000000008000494                EXTI9_5_IRQHandler
                0x0000000008000494                RTC_WKUP_IRQHandler
                0x0000000008000494                ETH_WKUP_IRQHandler
                0x0000000008000494                SPI2_IRQHandler
                0x0000000008000494                OTG_HS_EP1_IN_IRQHandler
                0x0000000008000494                MemManage_Handler
                0x0000000008000494                DMA1_Stream0_IRQHandler
                0x0000000008000494                CAN1_TX_IRQHandler
                0x0000000008000494                SVC_Handler
                0x0000000008000494                EXTI4_IRQHandler
                0x0000000008000494                FSMC_IRQHandler
                0x0000000008000494                ETH_IRQHandler
                0x0000000008000494                OTG_HS_EP1_OUT_IRQHandler
                0x0000000008000494                WWDG_IRQHandler
                0x0000000008000494                TIM2_IRQHandler
                0x0000000008000494                OTG_FS_WKUP_IRQHandler
                0x0000000008000494                TIM1_TRG_COM_TIM11_IRQHandler
                0x0000000008000494                OTG_HS_IRQHandler
                0x0000000008000494                EXTI1_IRQHandler
                0x0000000008000494                USART2_IRQHandler
                0x0000000008000494                I2C2_ER_IRQHandler
                0x0000000008000494                DMA2_Stream1_IRQHandler
                0x0000000008000494                CAN1_SCE_IRQHandler
                0x0000000008000494                DMA2_Stream4_IRQHandler
                0x0000000008000494                BusFault_Handler
                0x0000000008000494                USART1_IRQHandler
                0x0000000008000494                OTG_FS_IRQHandler
                0x0000000008000494                SPI3_IRQHandler
                0x0000000008000494                DMA1_Stream4_IRQHandler
                0x0000000008000494                I2C1_ER_IRQHandler
                0x0000000008000494                DMA2_Stream6_IRQHandler
                0x0000000008000494                DMA1_Stream3_IRQHandler
 *fill*         0x0000000008000496        0x2 
 .text.__errno  0x0000000008000498        0xc d:/st/stm32cubeide_1.5.1/stm32cubeide/plugins/com.st.stm32cube.ide.mcu.externaltools.gnu-tools-for-stm32.7-2018-q2-update.win32_1.5.0.202011040924/tools/bin/../lib/gcc/arm-none-eabi/7.3.1/../../../../arm-none-eabi/lib/thumb/v7e-m/fpv4-sp/hard\libc_nano.a(lib_a-errno.o)
                0x0000000008000498                __errno
 .text.__libc_init_array
                0x00000000080004a4       0x48 d:/st/stm32cubeide_1.5.1/stm32cubeide/plugins/com.st.stm32cube.ide.mcu.externaltools.gnu-tools-for-stm32.7-2018-q2-update.win32_1.5.0.202011040924/tools/bin/../lib/gcc/arm-none-eabi/7.3.1/../../../../arm-none-eabi/lib/thumb/v7e-m/fpv4-sp/hard\libc_nano.a(lib_a-init.o)
                0x00000000080004a4                __libc_init_array
 .text.memset   0x00000000080004ec       0x10 d:/st/stm32cubeide_1.5.1/stm32cubeide/plugins/com.st.stm32cube.ide.mcu.externaltools.gnu-tools-for-stm32.7-2018-q2-update.win32_1.5.0.202011040924/tools/bin/../lib/gcc/arm-none-eabi/7.3.1/../../../../arm-none-eabi/lib/thumb/v7e-m/fpv4-sp/hard\libc_nano.a(lib_a-memset.o)
                0x00000000080004ec                memset
 .text.printf   0x00000000080004fc       0x30 d:/st/stm32cubeide_1.5.1/stm32cubeide/plugins/com.st.stm32cube.ide.mcu.externaltools.gnu-tools-for-stm32.7-2018-q2-update.win32_1.5.0.202011040924/tools/bin/../lib/gcc/arm-none-eabi/7.3.1/../../../../arm-none-eabi/lib/thumb/v7e-m/fpv4-sp/hard\libc_nano.a(lib_a-printf.o)
                0x00000000080004fc                iprintf
                0x00000000080004fc                printf
 .text.std      0x000000000800052c       0x48 d:/st/stm32cubeide_1.5.1/stm32cubeide/plugins/com.st.stm32cube.ide.mcu.externaltools.gnu-tools-for-stm32.7-2018-q2-update.win32_1.5.0.202011040924/tools/bin/../lib/gcc/arm-none-eabi/7.3.1/../../../../arm-none-eabi/lib/thumb/v7e-m/fpv4-sp/hard\libc_nano.a(lib_a-findfp.o)
 .text._cleanup_r
                0x0000000008000574        0xc d:/st/stm32cubeide_1.5.1/stm32cubeide/plugins/com.st.stm32cube.ide.mcu.externaltools.gnu-tools-for-stm32.7-2018-q2-update.win32_1.5.0.202011040924/tools/bin/../lib/gcc/arm-none-eabi/7.3.1/../../../../arm-none-eabi/lib/thumb/v7e-m/fpv4-sp/hard\libc_nano.a(lib_a-findfp.o)
                0x0000000008000574                _cleanup_r
 .text.__sfmoreglue
                0x0000000008000580       0x2c d:/st/stm32cubeide_1.5.1/stm32cubeide/plugins/com.st.stm32cube.ide.mcu.externaltools.gnu-tools-for-stm32.7-2018-q2-update.win32_1.5.0.202011040924/tools/bin/../lib/gcc/arm-none-eabi/7.3.1/../../../../arm-none-eabi/lib/thumb/v7e-m/fpv4-sp/hard\libc_nano.a(lib_a-findfp.o)
                0x0000000008000580                __sfmoreglue
 .text.__sinit  0x00000000080005ac       0x60 d:/st/stm32cubeide_1.5.1/stm32cubeide/plugins/com.st.stm32cube.ide.mcu.externaltools.gnu-tools-for-stm32.7-2018-q2-update.win32_1.5.0.202011040924/tools/bin/../lib/gcc/arm-none-eabi/7.3.1/../../../../arm-none-eabi/lib/thumb/v7e-m/fpv4-sp/hard\libc_nano.a(lib_a-findfp.o)
                0x00000000080005ac                __sinit
 .text.__sfp    0x000000000800060c       0x78 d:/st/stm32cubeide_1.5.1/stm32cubeide/plugins/com.st.stm32cube.ide.mcu.externaltools.gnu-tools-for-stm32.7-2018-q2-update.win32_1.5.0.202011040924/tools/bin/../lib/gcc/arm-none-eabi/7.3.1/../../../../arm-none-eabi/lib/thumb/v7e-m/fpv4-sp/hard\libc_nano.a(lib_a-findfp.o)
                0x000000000800060c                __sfp
 .text._fwalk_reent
                0x0000000008000684       0x3c d:/st/stm32cubeide_1.5.1/stm32cubeide/plugins/com.st.stm32cube.ide.mcu.externaltools.gnu-tools-for-stm32.7-2018-q2-update.win32_1.5.0.202011040924/tools/bin/../lib/gcc/arm-none-eabi/7.3.1/../../../../arm-none-eabi/lib/thumb/v7e-m/fpv4-sp/hard\libc_nano.a(lib_a-fwalk.o)
                0x0000000008000684                _fwalk_reent
 .text._malloc_r
                0x00000000080006c0       0xb4 d:/st/stm32cubeide_1.5.1/stm32cubeide/plugins/com.st.stm32cube.ide.mcu.externaltools.gnu-tools-for-stm32.7-2018-q2-update.win32_1.5.0.202011040924/tools/bin/../lib/gcc/arm-none-eabi/7.3.1/../../../../arm-none-eabi/lib/thumb/v7e-m/fpv4-sp/hard\libc_nano.a(lib_a-nano-mallocr.o)
                0x00000000080006c0                _malloc_r
 .text.__sfputc_r
                0x0000000008000774       0x2e d:/st/stm32cubeide_1.5.1/stm32cubeide/plugins/com.st.stm32cube.ide.mcu.externaltools.gnu-tools-for-stm32.7-2018-q2-update.win32_1.5.0.202011040924/tools/bin/../lib/gcc/arm-none-eabi/7.3.1/../../../../arm-none-eabi/lib/thumb/v7e-m/fpv4-sp/hard\libc_nano.a(lib_a-nano-vfprintf.o)
 .text.__sfputs_r
                0x00000000080007a2       0x24 d:/st/stm32cubeide_1.5.1/stm32cubeide/plugins/com.st.stm32cube.ide.mcu.externaltools.gnu-tools-for-stm32.7-2018-q2-update.win32_1.5.0.202011040924/tools/bin/../lib/gcc/arm-none-eabi/7.3.1/../../../../arm-none-eabi/lib/thumb/v7e-m/fpv4-sp/hard\libc_nano.a(lib_a-nano-vfprintf.o)
                0x00000000080007a2                __sfputs_r
 *fill*         0x00000000080007c6        0x2 
 .text._vfprintf_r
                0x00000000080007c8      0x22c d:/st/stm32cubeide_1.5.1/stm32cubeide/plugins/com.st.stm32cube.ide.mcu.externaltools.gnu-tools-for-stm32.7-2018-q2-update.win32_1.5.0.202011040924/tools/bin/../lib/gcc/arm-none-eabi/7.3.1/../../../../arm-none-eabi/lib/thumb/v7e-m/fpv4-sp/hard\libc_nano.a(lib_a-nano-vfprintf.o)
                0x00000000080007c8                _vfprintf_r
                0x00000000080007c8                _vfiprintf_r
 .text._printf_common
                0x00000000080009f4       0xea d:/st/stm32cubeide_1.5.1/stm32cubeide/plugins/com.st.stm32cube.ide.mcu.externaltools.gnu-tools-for-stm32.7-2018-q2-update.win32_1.5.0.202011040924/tools/bin/../lib/gcc/arm-none-eabi/7.3.1/../../../../arm-none-eabi/lib/thumb/v7e-m/fpv4-sp/hard\libc_nano.a(lib_a-nano-vfprintf_i.o)
                0x00000000080009f4                _printf_common
 *fill*         0x0000000008000ade        0x2 
 .text._printf_i
                0x0000000008000ae0      0x224 d:/st/stm32cubeide_1.5.1/stm32cubeide/plugins/com.st.stm32cube.ide.mcu.externaltools.gnu-tools-for-stm32.7-2018-q2-update.win32_1.5.0.202011040924/tools/bin/../lib/gcc/arm-none-eabi/7.3.1/../../../../arm-none-eabi/lib/thumb/v7e-m/fpv4-sp/hard\libc_nano.a(lib_a-nano-vfprintf_i.o)
                0x0000000008000ae0                _printf_i
 .text._sbrk_r  0x0000000008000d04       0x20 d:/st/stm32cubeide_1.5.1/stm32cubeide/plugins/com.st.stm32cube.ide.mcu.externaltools.gnu-tools-for-stm32.7-2018-q2-update.win32_1.5.0.202011040924/tools/bin/../lib/gcc/arm-none-eabi/7.3.1/../../../../arm-none-eabi/lib/thumb/v7e-m/fpv4-sp/hard\libc_nano.a(lib_a-sbrkr.o)
                0x0000000008000d04                _sbrk_r
 .text.__sread  0x0000000008000d24       0x22 d:/st/stm32cubeide_1.5.1/stm32cubeide/plugins/com.st.stm32cube.ide.mcu.externaltools.gnu-tools-for-stm32.7-2018-q2-update.win32_1.5.0.202011040924/tools/bin/../lib/gcc/arm-none-eabi/7.3.1/../../../../arm-none-eabi/lib/thumb/v7e-m/fpv4-sp/hard\libc_nano.a(lib_a-stdio.o)
                0x0000000008000d24                __sread
 .text.__swrite
                0x0000000008000d46       0x38 d:/st/stm32cubeide_1.5.1/stm32cubeide/plugins/com.st.stm32cube.ide.mcu.externaltools.gnu-tools-for-stm32.7-2018-q2-update.win32_1.5.0.202011040924/tools/bin/../lib/gcc/arm-none-eabi/7.3.1/../../../../arm-none-eabi/lib/thumb/v7e-m/fpv4-sp/hard\libc_nano.a(lib_a-stdio.o)
                0x0000000008000d46                __swrite
 .text.__sseek  0x0000000008000d7e       0x24 d:/st/stm32cubeide_1.5.1/stm32cubeide/plugins/com.st.stm32cube.ide.mcu.externaltools.gnu-tools-for-stm32.7-2018-q2-update.win32_1.5.0.202011040924/tools/bin/../lib/gcc/arm-none-eabi/7.3.1/../../../../arm-none-eabi/lib/thumb/v7e-m/fpv4-sp/hard\libc_nano.a(lib_a-stdio.o)
                0x0000000008000d7e                __sseek
 .text.__sclose
                0x0000000008000da2        0x8 d:/st/stm32cubeide_1.5.1/stm32cubeide/plugins/com.st.stm32cube.ide.mcu.externaltools.gnu-tools-for-stm32.7-2018-q2-update.win32_1.5.0.202011040924/tools/bin/../lib/gcc/arm-none-eabi/7.3.1/../../../../arm-none-eabi/lib/thumb/v7e-m/fpv4-sp/hard\libc_nano.a(lib_a-stdio.o)
                0x0000000008000da2                __sclose
 *fill*         0x0000000008000daa        0x2 
 .text.__swbuf_r
                0x0000000008000dac       0xa4 d:/st/stm32cubeide_1.5.1/stm32cubeide/plugins/com.st.stm32cube.ide.mcu.externaltools.gnu-tools-for-stm32.7-2018-q2-update.win32_1.5.0.202011040924/tools/bin/../lib/gcc/arm-none-eabi/7.3.1/../../../../arm-none-eabi/lib/thumb/v7e-m/fpv4-sp/hard\libc_nano.a(lib_a-wbuf.o)
                0x0000000008000dac                __swbuf_r
 .text._write_r
                0x0000000008000e50       0x24 d:/st/stm32cubeide_1.5.1/stm32cubeide/plugins/com.st.stm32cube.ide.mcu.externaltools.gnu-tools-for-stm32.7-2018-q2-update.win32_1.5.0.202011040924/tools/bin/../lib/gcc/arm-none-eabi/7.3.1/../../../../arm-none-eabi/lib/thumb/v7e-m/fpv4-sp/hard\libc_nano.a(lib_a-writer.o)
                0x0000000008000e50                _write_r
 .text.__swsetup_r
                0x0000000008000e74       0xdc d:/st/stm32cubeide_1.5.1/stm32cubeide/plugins/com.st.stm32cube.ide.mcu.externaltools.gnu-tools-for-stm32.7-2018-q2-update.win32_1.5.0.202011040924/tools/bin/../lib/gcc/arm-none-eabi/7.3.1/../../../../arm-none-eabi/lib/thumb/v7e-m/fpv4-sp/hard\libc_nano.a(lib_a-wsetup.o)
                0x0000000008000e74                __swsetup_r
 .text._close_r
                0x0000000008000f50       0x20 d:/st/stm32cubeide_1.5.1/stm32cubeide/plugins/com.st.stm32cube.ide.mcu.externaltools.gnu-tools-for-stm32.7-2018-q2-update.win32_1.5.0.202011040924/tools/bin/../lib/gcc/arm-none-eabi/7.3.1/../../../../arm-none-eabi/lib/thumb/v7e-m/fpv4-sp/hard\libc_nano.a(lib_a-closer.o)
                0x0000000008000f50                _close_r
 .text.__sflush_r
                0x0000000008000f70      0x10c d:/st/stm32cubeide_1.5.1/stm32cubeide/plugins/com.st.stm32cube.ide.mcu.externaltools.gnu-tools-for-stm32.7-2018-q2-update.win32_1.5.0.202011040924/tools/bin/../lib/gcc/arm-none-eabi/7.3.1/../../../../arm-none-eabi/lib/thumb/v7e-m/fpv4-sp/hard\libc_nano.a(lib_a-fflush.o)
                0x0000000008000f70                __sflush_r
 .text._fflush_r
                0x000000000800107c       0x54 d:/st/stm32cubeide_1.5.1/stm32cubeide/plugins/com.st.stm32cube.ide.mcu.externaltools.gnu-tools-for-stm32.7-2018-q2-update.win32_1.5.0.202011040924/tools/bin/../lib/gcc/arm-none-eabi/7.3.1/../../../../arm-none-eabi/lib/thumb/v7e-m/fpv4-sp/hard\libc_nano.a(lib_a-fflush.o)
                0x000000000800107c                _fflush_r
 .text._lseek_r
                0x00000000080010d0       0x24 d:/st/stm32cubeide_1.5.1/stm32cubeide/plugins/com.st.stm32cube.ide.mcu.externaltools.gnu-tools-for-stm32.7-2018-q2-update.win32_1.5.0.202011040924/tools/bin/../lib/gcc/arm-none-eabi/7.3.1/../../../../arm-none-eabi/lib/thumb/v7e-m/fpv4-sp/hard\libc_nano.a(lib_a-lseekr.o)
                0x00000000080010d0                _lseek_r
 .text.__swhatbuf_r
                0x00000000080010f4       0x48 d:/st/stm32cubeide_1.5.1/stm32cubeide/plugins/com.st.stm32cube.ide.mcu.externaltools.gnu-tools-for-stm32.7-2018-q2-update.win32_1.5.0.202011040924/tools/bin/../lib/gcc/arm-none-eabi/7.3.1/../../../../arm-none-eabi/lib/thumb/v7e-m/fpv4-sp/hard\libc_nano.a(lib_a-makebuf.o)
                0x00000000080010f4                __swhatbuf_r
 .text.__smakebuf_r
                0x000000000800113c       0x80 d:/st/stm32cubeide_1.5.1/stm32cubeide/plugins/com.st.stm32cube.ide.mcu.externaltools.gnu-tools-for-stm32.7-2018-q2-update.win32_1.5.0.202011040924/tools/bin/../lib/gcc/arm-none-eabi/7.3.1/../../../../arm-none-eabi/lib/thumb/v7e-m/fpv4-sp/hard\libc_nano.a(lib_a-makebuf.o)
                0x000000000800113c                __smakebuf_r
 .text.__malloc_lock
                0x00000000080011bc        0x2 d:/st/stm32cubeide_1.5.1/stm32cubeide/plugins/com.st.stm32cube.ide.mcu.externaltools.gnu-tools-for-stm32.7-2018-q2-update.win32_1.5.0.202011040924/tools/bin/../lib/gcc/arm-none-eabi/7.3.1/../../../../arm-none-eabi/lib/thumb/v7e-m/fpv4-sp/hard\libc_nano.a(lib_a-mlock.o)
                0x00000000080011bc                __malloc_lock
 .text.__malloc_unlock
                0x00000000080011be        0x2 d:/st/stm32cubeide_1.5.1/stm32cubeide/plugins/com.st.stm32cube.ide.mcu.externaltools.gnu-tools-for-stm32.7-2018-q2-update.win32_1.5.0.202011040924/tools/bin/../lib/gcc/arm-none-eabi/7.3.1/../../../../arm-none-eabi/lib/thumb/v7e-m/fpv4-sp/hard\libc_nano.a(lib_a-mlock.o)
                0x00000000080011be                __malloc_unlock
 .text._free_r  0x00000000080011c0       0x9c d:/st/stm32cubeide_1.5.1/stm32cubeide/plugins/com.st.stm32cube.ide.mcu.externaltools.gnu-tools-for-stm32.7-2018-q2-update.win32_1.5.0.202011040924/tools/bin/../lib/gcc/arm-none-eabi/7.3.1/../../../../arm-none-eabi/lib/thumb/v7e-m/fpv4-sp/hard\libc_nano.a(lib_a-nano-freer.o)
                0x00000000080011c0                _free_r
 .text._read_r  0x000000000800125c       0x24 d:/st/stm32cubeide_1.5.1/stm32cubeide/plugins/com.st.stm32cube.ide.mcu.externaltools.gnu-tools-for-stm32.7-2018-q2-update.win32_1.5.0.202011040924/tools/bin/../lib/gcc/arm-none-eabi/7.3.1/../../../../arm-none-eabi/lib/thumb/v7e-m/fpv4-sp/hard\libc_nano.a(lib_a-readr.o)
                0x000000000800125c                _read_r
 .text._fstat_r
                0x0000000008001280       0x24 d:/st/stm32cubeide_1.5.1/stm32cubeide/plugins/com.st.stm32cube.ide.mcu.externaltools.gnu-tools-for-stm32.7-2018-q2-update.win32_1.5.0.202011040924/tools/bin/../lib/gcc/arm-none-eabi/7.3.1/../../../../arm-none-eabi/lib/thumb/v7e-m/fpv4-sp/hard\libc_nano.a(lib_a-fstatr.o)
                0x0000000008001280                _fstat_r
 .text._isatty_r
                0x00000000080012a4       0x20 d:/st/stm32cubeide_1.5.1/stm32cubeide/plugins/com.st.stm32cube.ide.mcu.externaltools.gnu-tools-for-stm32.7-2018-q2-update.win32_1.5.0.202011040924/tools/bin/../lib/gcc/arm-none-eabi/7.3.1/../../../../arm-none-eabi/lib/thumb/v7e-m/fpv4-sp/hard\libc_nano.a(lib_a-isattyr.o)
                0x00000000080012a4                _isatty_r
 *(.glue_7)
 .glue_7        0x00000000080012c4        0x0 linker stubs
 *(.glue_7t)
 .glue_7t       0x00000000080012c4        0x0 linker stubs
 *(.eh_frame)
 .eh_frame      0x00000000080012c4        0x0 d:/st/stm32cubeide_1.5.1/stm32cubeide/plugins/com.st.stm32cube.ide.mcu.externaltools.gnu-tools-for-stm32.7-2018-q2-update.win32_1.5.0.202011040924/tools/bin/../lib/gcc/arm-none-eabi/7.3.1/thumb/v7e-m/fpv4-sp/hard/crtbegin.o
 *(.init)
 .init          0x00000000080012c4        0x4 d:/st/stm32cubeide_1.5.1/stm32cubeide/plugins/com.st.stm32cube.ide.mcu.externaltools.gnu-tools-for-stm32.7-2018-q2-update.win32_1.5.0.202011040924/tools/bin/../lib/gcc/arm-none-eabi/7.3.1/thumb/v7e-m/fpv4-sp/hard/crti.o
                0x00000000080012c4                _init
 .init          0x00000000080012c8        0x8 d:/st/stm32cubeide_1.5.1/stm32cubeide/plugins/com.st.stm32cube.ide.mcu.externaltools.gnu-tools-for-stm32.7-2018-q2-update.win32_1.5.0.202011040924/tools/bin/../lib/gcc/arm-none-eabi/7.3.1/thumb/v7e-m/fpv4-sp/hard/crtn.o
 *(.fini)
 .fini          0x00000000080012d0        0x4 d:/st/stm32cubeide_1.5.1/stm32cubeide/plugins/com.st.stm32cube.ide.mcu.externaltools.gnu-tools-for-stm32.7-2018-q2-update.win32_1.5.0.202011040924/tools/bin/../lib/gcc/arm-none-eabi/7.3.1/thumb/v7e-m/fpv4-sp/hard/crti.o
                0x00000000080012d0                _fini
 .fini          0x00000000080012d4        0x8 d:/st/stm32cubeide_1.5.1/stm32cubeide/plugins/com.st.stm32cube.ide.mcu.externaltools.gnu-tools-for-stm32.7-2018-q2-update.win32_1.5.0.202011040924/tools/bin/../lib/gcc/arm-none-eabi/7.3.1/thumb/v7e-m/fpv4-sp/hard/crtn.o
                0x00000000080012dc                . = ALIGN (0x4)
                0x00000000080012dc                _etext = .

.vfp11_veneer   0x00000000080012dc        0x0
 .vfp11_veneer  0x00000000080012dc        0x0 linker stubs

.v4_bx          0x00000000080012dc        0x0
 .v4_bx         0x00000000080012dc        0x0 linker stubs

.iplt           0x00000000080012dc        0x0
 .iplt          0x00000000080012dc        0x0 d:/st/stm32cubeide_1.5.1/stm32cubeide/plugins/com.st.stm32cube.ide.mcu.externaltools.gnu-tools-for-stm32.7-2018-q2-update.win32_1.5.0.202011040924/tools/bin/../lib/gcc/arm-none-eabi/7.3.1/thumb/v7e-m/fpv4-sp/hard/crtbegin.o

.rodata         0x00000000080012dc       0xa8
                0x00000000080012dc                . = ALIGN (0x4)
 *(.rodata)
 .rodata        0x00000000080012dc        0xd Src/main.o
 *(.rodata*)
 *fill*         0x00000000080012e9        0x3 
 .rodata._global_impure_ptr
                0x00000000080012ec        0x4 d:/st/stm32cubeide_1.5.1/stm32cubeide/plugins/com.st.stm32cube.ide.mcu.externaltools.gnu-tools-for-stm32.7-2018-q2-update.win32_1.5.0.202011040924/tools/bin/../lib/gcc/arm-none-eabi/7.3.1/../../../../arm-none-eabi/lib/thumb/v7e-m/fpv4-sp/hard\libc_nano.a(lib_a-impure.o)
                0x00000000080012ec                _global_impure_ptr
 .rodata.__sf_fake_stderr
                0x00000000080012f0       0x20 d:/st/stm32cubeide_1.5.1/stm32cubeide/plugins/com.st.stm32cube.ide.mcu.externaltools.gnu-tools-for-stm32.7-2018-q2-update.win32_1.5.0.202011040924/tools/bin/../lib/gcc/arm-none-eabi/7.3.1/../../../../arm-none-eabi/lib/thumb/v7e-m/fpv4-sp/hard\libc_nano.a(lib_a-findfp.o)
                0x00000000080012f0                __sf_fake_stderr
 .rodata.__sf_fake_stdin
                0x0000000008001310       0x20 d:/st/stm32cubeide_1.5.1/stm32cubeide/plugins/com.st.stm32cube.ide.mcu.externaltools.gnu-tools-for-stm32.7-2018-q2-update.win32_1.5.0.202011040924/tools/bin/../lib/gcc/arm-none-eabi/7.3.1/../../../../arm-none-eabi/lib/thumb/v7e-m/fpv4-sp/hard\libc_nano.a(lib_a-findfp.o)
                0x0000000008001310                __sf_fake_stdin
 .rodata.__sf_fake_stdout
                0x0000000008001330       0x20 d:/st/stm32cubeide_1.5.1/stm32cubeide/plugins/com.st.stm32cube.ide.mcu.externaltools.gnu-tools-for-stm32.7-2018-q2-update.win32_1.5.0.202011040924/tools/bin/../lib/gcc/arm-none-eabi/7.3.1/../../../../arm-none-eabi/lib/thumb/v7e-m/fpv4-sp/hard\libc_nano.a(lib_a-findfp.o)
                0x0000000008001330                __sf_fake_stdout
 .rodata._vfprintf_r.str1.1
                0x0000000008001350       0x11 d:/st/stm32cubeide_1.5.1/stm32cubeide/plugins/com.st.stm32cube.ide.mcu.externaltools.gnu-tools-for-stm32.7-2018-q2-update.win32_1.5.0.202011040924/tools/bin/../lib/gcc/arm-none-eabi/7.3.1/../../../../arm-none-eabi/lib/thumb/v7e-m/fpv4-sp/hard\libc_nano.a(lib_a-nano-vfprintf.o)
 .rodata._printf_i.str1.1
                0x0000000008001361       0x22 d:/st/stm32cubeide_1.5.1/stm32cubeide/plugins/com.st.stm32cube.ide.mcu.externaltools.gnu-tools-for-stm32.7-2018-q2-update.win32_1.5.0.202011040924/tools/bin/../lib/gcc/arm-none-eabi/7.3.1/../../../../arm-none-eabi/lib/thumb/v7e-m/fpv4-sp/hard\libc_nano.a(lib_a-nano-vfprintf_i.o)
                0x0000000008001384                . = ALIGN (0x4)
 *fill*         0x0000000008001383        0x1 

.rel.dyn        0x0000000008001384        0x0
 .rel.iplt      0x0000000008001384        0x0 d:/st/stm32cubeide_1.5.1/stm32cubeide/plugins/com.st.stm32cube.ide.mcu.externaltools.gnu-tools-for-stm32.7-2018-q2-update.win32_1.5.0.202011040924/tools/bin/../lib/gcc/arm-none-eabi/7.3.1/thumb/v7e-m/fpv4-sp/hard/crtbegin.o

.ARM.extab      0x0000000008001384        0x0
                0x0000000008001384                . = ALIGN (0x4)
 *(.ARM.extab* .gnu.linkonce.armextab.*)
                0x0000000008001384                . = ALIGN (0x4)

.ARM            0x0000000008001384        0x0
                0x0000000008001384                . = ALIGN (0x4)
                0x0000000008001384                __exidx_start = .
 *(.ARM.exidx*)
                0x0000000008001384                __exidx_end = .
                0x0000000008001384                . = ALIGN (0x4)

.preinit_array  0x0000000008001384        0x0
                0x0000000008001384                . = ALIGN (0x4)
                0x0000000008001384                PROVIDE (__preinit_array_start = .)
 *(.preinit_array*)
                0x0000000008001384                PROVIDE (__preinit_array_end = .)
                0x0000000008001384                . = ALIGN (0x4)

.init_array     0x0000000008001384        0x4
                0x0000000008001384                . = ALIGN (0x4)
                0x0000000008001384                PROVIDE (__init_array_start = .)
 *(SORT_BY_NAME(.init_array.*))
 *(.init_array*)
 .init_array    0x0000000008001384        0x4 d:/st/stm32cubeide_1.5.1/stm32cubeide/plugins/com.st.stm32cube.ide.mcu.externaltools.gnu-tools-for-stm32.7-2018-q2-update.win32_1.5.0.202011040924/tools/bin/../lib/gcc/arm-none-eabi/7.3.1/thumb/v7e-m/fpv4-sp/hard/crtbegin.o
                0x0000000008001388                PROVIDE (__init_array_end = .)
                0x0000000008001388                . = ALIGN (0x4)

.fini_array     0x0000000008001388        0x4
                0x0000000008001388                . = ALIGN (0x4)
                [!provide]                        PROVIDE (__fini_array_start = .)
 *(SORT_BY_NAME(.fini_array.*))
 *(.fini_array*)
 .fini_array    0x0000000008001388        0x4 d:/st/stm32cubeide_1.5.1/stm32cubeide/plugins/com.st.stm32cube.ide.mcu.externaltools.gnu-tools-for-stm32.7-2018-q2-update.win32_1.5.0.202011040924/tools/bin/../lib/gcc/arm-none-eabi/7.3.1/thumb/v7e-m/fpv4-sp/hard/crtbegin.o
                [!provide]                        PROVIDE (__fini_array_end = .)
                0x000000000800138c                . = ALIGN (0x4)
                0x000000000800138c                _sidata = LOADADDR (.data)

.data           0x0000000020000000       0x6c load address 0x000000000800138c
                0x0000000020000000                . = ALIGN (0x4)
                0x0000000020000000                _sdata = .
 *(.data)
 *(.data*)
 .data.g_data1  0x0000000020000000        0x4 Src/main.o
                0x0000000020000000                g_data1
 .data.g_data2  0x0000000020000004        0x4 Src/main.o
                0x0000000020000004                g_data2
 .data._impure_ptr
                0x0000000020000008        0x4 d:/st/stm32cubeide_1.5.1/stm32cubeide/plugins/com.st.stm32cube.ide.mcu.externaltools.gnu-tools-for-stm32.7-2018-q2-update.win32_1.5.0.202011040924/tools/bin/../lib/gcc/arm-none-eabi/7.3.1/../../../../arm-none-eabi/lib/thumb/v7e-m/fpv4-sp/hard\libc_nano.a(lib_a-impure.o)
                0x0000000020000008                _impure_ptr
 .data.impure_data
                0x000000002000000c       0x60 d:/st/stm32cubeide_1.5.1/stm32cubeide/plugins/com.st.stm32cube.ide.mcu.externaltools.gnu-tools-for-stm32.7-2018-q2-update.win32_1.5.0.202011040924/tools/bin/../lib/gcc/arm-none-eabi/7.3.1/../../../../arm-none-eabi/lib/thumb/v7e-m/fpv4-sp/hard\libc_nano.a(lib_a-impure.o)
                0x000000002000006c                . = ALIGN (0x4)
                0x000000002000006c                _edata = .

.igot.plt       0x000000002000006c        0x0 load address 0x00000000080013f8
 .igot.plt      0x000000002000006c        0x0 d:/st/stm32cubeide_1.5.1/stm32cubeide/plugins/com.st.stm32cube.ide.mcu.externaltools.gnu-tools-for-stm32.7-2018-q2-update.win32_1.5.0.202011040924/tools/bin/../lib/gcc/arm-none-eabi/7.3.1/thumb/v7e-m/fpv4-sp/hard/crtbegin.o
                0x000000002000006c                . = ALIGN (0x4)

.bss            0x000000002000006c       0x30 load address 0x00000000080013f8
                0x000000002000006c                _sbss = .
                0x000000002000006c                __bss_start__ = _sbss
 *(.bss)
 .bss           0x000000002000006c       0x1c d:/st/stm32cubeide_1.5.1/stm32cubeide/plugins/com.st.stm32cube.ide.mcu.externaltools.gnu-tools-for-stm32.7-2018-q2-update.win32_1.5.0.202011040924/tools/bin/../lib/gcc/arm-none-eabi/7.3.1/thumb/v7e-m/fpv4-sp/hard/crtbegin.o
 *(.bss*)
 .bss.result    0x0000000020000088        0x4 Src/main.o
                0x0000000020000088                result
 .bss.heap_end.6424
                0x000000002000008c        0x4 Src/sysmem.o
 .bss.__malloc_free_list
                0x0000000020000090        0x4 d:/st/stm32cubeide_1.5.1/stm32cubeide/plugins/com.st.stm32cube.ide.mcu.externaltools.gnu-tools-for-stm32.7-2018-q2-update.win32_1.5.0.202011040924/tools/bin/../lib/gcc/arm-none-eabi/7.3.1/../../../../arm-none-eabi/lib/thumb/v7e-m/fpv4-sp/hard\libc_nano.a(lib_a-nano-mallocr.o)
                0x0000000020000090                __malloc_free_list
 .bss.__malloc_sbrk_start
                0x0000000020000094        0x4 d:/st/stm32cubeide_1.5.1/stm32cubeide/plugins/com.st.stm32cube.ide.mcu.externaltools.gnu-tools-for-stm32.7-2018-q2-update.win32_1.5.0.202011040924/tools/bin/../lib/gcc/arm-none-eabi/7.3.1/../../../../arm-none-eabi/lib/thumb/v7e-m/fpv4-sp/hard\libc_nano.a(lib_a-nano-mallocr.o)
                0x0000000020000094                __malloc_sbrk_start
 *(COMMON)
 COMMON         0x0000000020000098        0x4 d:/st/stm32cubeide_1.5.1/stm32cubeide/plugins/com.st.stm32cube.ide.mcu.externaltools.gnu-tools-for-stm32.7-2018-q2-update.win32_1.5.0.202011040924/tools/bin/../lib/gcc/arm-none-eabi/7.3.1/../../../../arm-none-eabi/lib/thumb/v7e-m/fpv4-sp/hard\libc_nano.a(lib_a-reent.o)
                0x0000000020000098                errno
                0x000000002000009c                . = ALIGN (0x4)
                0x000000002000009c                _ebss = .
                0x000000002000009c                __bss_end__ = _ebss

._user_heap_stack
                0x000000002000009c      0x604 load address 0x00000000080013f8
                0x00000000200000a0                . = ALIGN (0x8)
 *fill*         0x000000002000009c        0x4 
                0x00000000200000a0                PROVIDE (end = .)
                [!provide]                        PROVIDE (_end = .)
                0x00000000200002a0                . = (. + _Min_Heap_Size)
 *fill*         0x00000000200000a0      0x200 
                0x00000000200006a0                . = (. + _Min_Stack_Size)
 *fill*         0x00000000200002a0      0x400 
                0x00000000200006a0                . = ALIGN (0x8)

/DISCARD/
 libc.a(*)
 libm.a(*)
 libgcc.a(*)

.ARM.attributes
                0x0000000000000000       0x30
 *(.ARM.attributes)
 .ARM.attributes
                0x0000000000000000       0x22 d:/st/stm32cubeide_1.5.1/stm32cubeide/plugins/com.st.stm32cube.ide.mcu.externaltools.gnu-tools-for-stm32.7-2018-q2-update.win32_1.5.0.202011040924/tools/bin/../lib/gcc/arm-none-eabi/7.3.1/thumb/v7e-m/fpv4-sp/hard/crti.o
 .ARM.attributes
                0x0000000000000022       0x34 d:/st/stm32cubeide_1.5.1/stm32cubeide/plugins/com.st.stm32cube.ide.mcu.externaltools.gnu-tools-for-stm32.7-2018-q2-update.win32_1.5.0.202011040924/tools/bin/../lib/gcc/arm-none-eabi/7.3.1/thumb/v7e-m/fpv4-sp/hard/crtbegin.o
 .ARM.attributes
                0x0000000000000056       0x39 Src/main.o
 .ARM.attributes
                0x000000000000008f       0x39 Src/syscalls.o
 .ARM.attributes
                0x00000000000000c8       0x39 Src/sysmem.o
 .ARM.attributes
                0x0000000000000101       0x21 Startup/startup_stm32f407vgtx.o
 .ARM.attributes
                0x0000000000000122       0x34 d:/st/stm32cubeide_1.5.1/stm32cubeide/plugins/com.st.stm32cube.ide.mcu.externaltools.gnu-tools-for-stm32.7-2018-q2-update.win32_1.5.0.202011040924/tools/bin/../lib/gcc/arm-none-eabi/7.3.1/../../../../arm-none-eabi/lib/thumb/v7e-m/fpv4-sp/hard\libc_nano.a(lib_a-errno.o)
 .ARM.attributes
                0x0000000000000156       0x34 d:/st/stm32cubeide_1.5.1/stm32cubeide/plugins/com.st.stm32cube.ide.mcu.externaltools.gnu-tools-for-stm32.7-2018-q2-update.win32_1.5.0.202011040924/tools/bin/../lib/gcc/arm-none-eabi/7.3.1/../../../../arm-none-eabi/lib/thumb/v7e-m/fpv4-sp/hard\libc_nano.a(lib_a-impure.o)
 .ARM.attributes
                0x000000000000018a       0x34 d:/st/stm32cubeide_1.5.1/stm32cubeide/plugins/com.st.stm32cube.ide.mcu.externaltools.gnu-tools-for-stm32.7-2018-q2-update.win32_1.5.0.202011040924/tools/bin/../lib/gcc/arm-none-eabi/7.3.1/../../../../arm-none-eabi/lib/thumb/v7e-m/fpv4-sp/hard\libc_nano.a(lib_a-init.o)
 .ARM.attributes
                0x00000000000001be       0x34 d:/st/stm32cubeide_1.5.1/stm32cubeide/plugins/com.st.stm32cube.ide.mcu.externaltools.gnu-tools-for-stm32.7-2018-q2-update.win32_1.5.0.202011040924/tools/bin/../lib/gcc/arm-none-eabi/7.3.1/../../../../arm-none-eabi/lib/thumb/v7e-m/fpv4-sp/hard\libc_nano.a(lib_a-memset.o)
 .ARM.attributes
                0x00000000000001f2       0x34 d:/st/stm32cubeide_1.5.1/stm32cubeide/plugins/com.st.stm32cube.ide.mcu.externaltools.gnu-tools-for-stm32.7-2018-q2-update.win32_1.5.0.202011040924/tools/bin/../lib/gcc/arm-none-eabi/7.3.1/../../../../arm-none-eabi/lib/thumb/v7e-m/fpv4-sp/hard\libc_nano.a(lib_a-printf.o)
 .ARM.attributes
                0x0000000000000226       0x34 d:/st/stm32cubeide_1.5.1/stm32cubeide/plugins/com.st.stm32cube.ide.mcu.externaltools.gnu-tools-for-stm32.7-2018-q2-update.win32_1.5.0.202011040924/tools/bin/../lib/gcc/arm-none-eabi/7.3.1/../../../../arm-none-eabi/lib/thumb/v7e-m/fpv4-sp/hard\libc_nano.a(lib_a-findfp.o)
 .ARM.attributes
                0x000000000000025a       0x34 d:/st/stm32cubeide_1.5.1/stm32cubeide/plugins/com.st.stm32cube.ide.mcu.externaltools.gnu-tools-for-stm32.7-2018-q2-update.win32_1.5.0.202011040924/tools/bin/../lib/gcc/arm-none-eabi/7.3.1/../../../../arm-none-eabi/lib/thumb/v7e-m/fpv4-sp/hard\libc_nano.a(lib_a-fwalk.o)
 .ARM.attributes
                0x000000000000028e       0x34 d:/st/stm32cubeide_1.5.1/stm32cubeide/plugins/com.st.stm32cube.ide.mcu.externaltools.gnu-tools-for-stm32.7-2018-q2-update.win32_1.5.0.202011040924/tools/bin/../lib/gcc/arm-none-eabi/7.3.1/../../../../arm-none-eabi/lib/thumb/v7e-m/fpv4-sp/hard\libc_nano.a(lib_a-nano-mallocr.o)
 .ARM.attributes
                0x00000000000002c2       0x34 d:/st/stm32cubeide_1.5.1/stm32cubeide/plugins/com.st.stm32cube.ide.mcu.externaltools.gnu-tools-for-stm32.7-2018-q2-update.win32_1.5.0.202011040924/tools/bin/../lib/gcc/arm-none-eabi/7.3.1/../../../../arm-none-eabi/lib/thumb/v7e-m/fpv4-sp/hard\libc_nano.a(lib_a-nano-vfprintf.o)
 .ARM.attributes
                0x00000000000002f6       0x34 d:/st/stm32cubeide_1.5.1/stm32cubeide/plugins/com.st.stm32cube.ide.mcu.externaltools.gnu-tools-for-stm32.7-2018-q2-update.win32_1.5.0.202011040924/tools/bin/../lib/gcc/arm-none-eabi/7.3.1/../../../../arm-none-eabi/lib/thumb/v7e-m/fpv4-sp/hard\libc_nano.a(lib_a-nano-vfprintf_i.o)
 .ARM.attributes
                0x000000000000032a       0x34 d:/st/stm32cubeide_1.5.1/stm32cubeide/plugins/com.st.stm32cube.ide.mcu.externaltools.gnu-tools-for-stm32.7-2018-q2-update.win32_1.5.0.202011040924/tools/bin/../lib/gcc/arm-none-eabi/7.3.1/../../../../arm-none-eabi/lib/thumb/v7e-m/fpv4-sp/hard\libc_nano.a(lib_a-sbrkr.o)
 .ARM.attributes
                0x000000000000035e       0x34 d:/st/stm32cubeide_1.5.1/stm32cubeide/plugins/com.st.stm32cube.ide.mcu.externaltools.gnu-tools-for-stm32.7-2018-q2-update.win32_1.5.0.202011040924/tools/bin/../lib/gcc/arm-none-eabi/7.3.1/../../../../arm-none-eabi/lib/thumb/v7e-m/fpv4-sp/hard\libc_nano.a(lib_a-stdio.o)
 .ARM.attributes
                0x0000000000000392       0x34 d:/st/stm32cubeide_1.5.1/stm32cubeide/plugins/com.st.stm32cube.ide.mcu.externaltools.gnu-tools-for-stm32.7-2018-q2-update.win32_1.5.0.202011040924/tools/bin/../lib/gcc/arm-none-eabi/7.3.1/../../../../arm-none-eabi/lib/thumb/v7e-m/fpv4-sp/hard\libc_nano.a(lib_a-wbuf.o)
 .ARM.attributes
                0x00000000000003c6       0x34 d:/st/stm32cubeide_1.5.1/stm32cubeide/plugins/com.st.stm32cube.ide.mcu.externaltools.gnu-tools-for-stm32.7-2018-q2-update.win32_1.5.0.202011040924/tools/bin/../lib/gcc/arm-none-eabi/7.3.1/../../../../arm-none-eabi/lib/thumb/v7e-m/fpv4-sp/hard\libc_nano.a(lib_a-writer.o)
 .ARM.attributes
                0x00000000000003fa       0x34 d:/st/stm32cubeide_1.5.1/stm32cubeide/plugins/com.st.stm32cube.ide.mcu.externaltools.gnu-tools-for-stm32.7-2018-q2-update.win32_1.5.0.202011040924/tools/bin/../lib/gcc/arm-none-eabi/7.3.1/../../../../arm-none-eabi/lib/thumb/v7e-m/fpv4-sp/hard\libc_nano.a(lib_a-wsetup.o)
 .ARM.attributes
                0x000000000000042e       0x34 d:/st/stm32cubeide_1.5.1/stm32cubeide/plugins/com.st.stm32cube.ide.mcu.externaltools.gnu-tools-for-stm32.7-2018-q2-update.win32_1.5.0.202011040924/tools/bin/../lib/gcc/arm-none-eabi/7.3.1/../../../../arm-none-eabi/lib/thumb/v7e-m/fpv4-sp/hard\libc_nano.a(lib_a-closer.o)
 .ARM.attributes
                0x0000000000000462       0x34 d:/st/stm32cubeide_1.5.1/stm32cubeide/plugins/com.st.stm32cube.ide.mcu.externaltools.gnu-tools-for-stm32.7-2018-q2-update.win32_1.5.0.202011040924/tools/bin/../lib/gcc/arm-none-eabi/7.3.1/../../../../arm-none-eabi/lib/thumb/v7e-m/fpv4-sp/hard\libc_nano.a(lib_a-fflush.o)
 .ARM.attributes
                0x0000000000000496       0x34 d:/st/stm32cubeide_1.5.1/stm32cubeide/plugins/com.st.stm32cube.ide.mcu.externaltools.gnu-tools-for-stm32.7-2018-q2-update.win32_1.5.0.202011040924/tools/bin/../lib/gcc/arm-none-eabi/7.3.1/../../../../arm-none-eabi/lib/thumb/v7e-m/fpv4-sp/hard\libc_nano.a(lib_a-lseekr.o)
 .ARM.attributes
                0x00000000000004ca       0x34 d:/st/stm32cubeide_1.5.1/stm32cubeide/plugins/com.st.stm32cube.ide.mcu.externaltools.gnu-tools-for-stm32.7-2018-q2-update.win32_1.5.0.202011040924/tools/bin/../lib/gcc/arm-none-eabi/7.3.1/../../../../arm-none-eabi/lib/thumb/v7e-m/fpv4-sp/hard\libc_nano.a(lib_a-makebuf.o)
 .ARM.attributes
                0x00000000000004fe       0x20 d:/st/stm32cubeide_1.5.1/stm32cubeide/plugins/com.st.stm32cube.ide.mcu.externaltools.gnu-tools-for-stm32.7-2018-q2-update.win32_1.5.0.202011040924/tools/bin/../lib/gcc/arm-none-eabi/7.3.1/../../../../arm-none-eabi/lib/thumb/v7e-m/fpv4-sp/hard\libc_nano.a(lib_a-memchr.o)
 .ARM.attributes
                0x000000000000051e       0x34 d:/st/stm32cubeide_1.5.1/stm32cubeide/plugins/com.st.stm32cube.ide.mcu.externaltools.gnu-tools-for-stm32.7-2018-q2-update.win32_1.5.0.202011040924/tools/bin/../lib/gcc/arm-none-eabi/7.3.1/../../../../arm-none-eabi/lib/thumb/v7e-m/fpv4-sp/hard\libc_nano.a(lib_a-mlock.o)
 .ARM.attributes
                0x0000000000000552       0x34 d:/st/stm32cubeide_1.5.1/stm32cubeide/plugins/com.st.stm32cube.ide.mcu.externaltools.gnu-tools-for-stm32.7-2018-q2-update.win32_1.5.0.202011040924/tools/bin/../lib/gcc/arm-none-eabi/7.3.1/../../../../arm-none-eabi/lib/thumb/v7e-m/fpv4-sp/hard\libc_nano.a(lib_a-nano-freer.o)
 .ARM.attributes
                0x0000000000000586       0x34 d:/st/stm32cubeide_1.5.1/stm32cubeide/plugins/com.st.stm32cube.ide.mcu.externaltools.gnu-tools-for-stm32.7-2018-q2-update.win32_1.5.0.202011040924/tools/bin/../lib/gcc/arm-none-eabi/7.3.1/../../../../arm-none-eabi/lib/thumb/v7e-m/fpv4-sp/hard\libc_nano.a(lib_a-readr.o)
 .ARM.attributes
                0x00000000000005ba       0x34 d:/st/stm32cubeide_1.5.1/stm32cubeide/plugins/com.st.stm32cube.ide.mcu.externaltools.gnu-tools-for-stm32.7-2018-q2-update.win32_1.5.0.202011040924/tools/bin/../lib/gcc/arm-none-eabi/7.3.1/../../../../arm-none-eabi/lib/thumb/v7e-m/fpv4-sp/hard\libc_nano.a(lib_a-reent.o)
 .ARM.attributes
                0x00000000000005ee       0x34 d:/st/stm32cubeide_1.5.1/stm32cubeide/plugins/com.st.stm32cube.ide.mcu.externaltools.gnu-tools-for-stm32.7-2018-q2-update.win32_1.5.0.202011040924/tools/bin/../lib/gcc/arm-none-eabi/7.3.1/../../../../arm-none-eabi/lib/thumb/v7e-m/fpv4-sp/hard\libc_nano.a(lib_a-fstatr.o)
 .ARM.attributes
                0x0000000000000622       0x34 d:/st/stm32cubeide_1.5.1/stm32cubeide/plugins/com.st.stm32cube.ide.mcu.externaltools.gnu-tools-for-stm32.7-2018-q2-update.win32_1.5.0.202011040924/tools/bin/../lib/gcc/arm-none-eabi/7.3.1/../../../../arm-none-eabi/lib/thumb/v7e-m/fpv4-sp/hard\libc_nano.a(lib_a-isattyr.o)
 .ARM.attributes
                0x0000000000000656       0x22 d:/st/stm32cubeide_1.5.1/stm32cubeide/plugins/com.st.stm32cube.ide.mcu.externaltools.gnu-tools-for-stm32.7-2018-q2-update.win32_1.5.0.202011040924/tools/bin/../lib/gcc/arm-none-eabi/7.3.1/thumb/v7e-m/fpv4-sp/hard/crtn.o
OUTPUT(003Add.elf elf32-littlearm)

.debug_info     0x0000000000000000     0x210c
 .debug_info    0x0000000000000000      0x8d1 Src/main.o
 .debug_info    0x00000000000008d1      0xefd Src/syscalls.o
 .debug_info    0x00000000000017ce      0x91c Src/sysmem.o
 .debug_info    0x00000000000020ea       0x22 Startup/startup_stm32f407vgtx.o

.debug_abbrev   0x0000000000000000      0x5bc
 .debug_abbrev  0x0000000000000000      0x176 Src/main.o
 .debug_abbrev  0x0000000000000176      0x279 Src/syscalls.o
 .debug_abbrev  0x00000000000003ef      0x1bb Src/sysmem.o
 .debug_abbrev  0x00000000000005aa       0x12 Startup/startup_stm32f407vgtx.o

.debug_aranges  0x0000000000000000      0x118
 .debug_aranges
                0x0000000000000000       0x20 Src/main.o
 .debug_aranges
                0x0000000000000020       0xb0 Src/syscalls.o
 .debug_aranges
                0x00000000000000d0       0x20 Src/sysmem.o
 .debug_aranges
                0x00000000000000f0       0x28 Startup/startup_stm32f407vgtx.o

.debug_ranges   0x0000000000000000       0xe0
 .debug_ranges  0x0000000000000000       0x10 Src/main.o
 .debug_ranges  0x0000000000000010       0xa0 Src/syscalls.o
 .debug_ranges  0x00000000000000b0       0x10 Src/sysmem.o
 .debug_ranges  0x00000000000000c0       0x20 Startup/startup_stm32f407vgtx.o

.debug_macro    0x0000000000000000     0x3f7a
 .debug_macro   0x0000000000000000      0xd02 Src/main.o
 .debug_macro   0x0000000000000d02       0x22 Src/main.o
 .debug_macro   0x0000000000000d24       0x40 Src/main.o
 .debug_macro   0x0000000000000d64       0x18 Src/main.o
 .debug_macro   0x0000000000000d7c       0x94 Src/main.o
 .debug_macro   0x0000000000000e10       0x3c Src/main.o
 .debug_macro   0x0000000000000e4c       0x34 Src/main.o
 .debug_macro   0x0000000000000e80       0x16 Src/main.o
 .debug_macro   0x0000000000000e96       0x57 Src/main.o
 .debug_macro   0x0000000000000eed       0x97 Src/main.o
 .debug_macro   0x0000000000000f84      0x330 Src/main.o
 .debug_macro   0x00000000000012b4       0xfd Src/main.o
 .debug_macro   0x00000000000013b1       0x10 Src/main.o
 .debug_macro   0x00000000000013c1       0x52 Src/main.o
 .debug_macro   0x0000000000001413       0x1f Src/main.o
 .debug_macro   0x0000000000001432       0x43 Src/main.o
 .debug_macro   0x0000000000001475       0x20 Src/main.o
 .debug_macro   0x0000000000001495      0x1a3 Src/main.o
 .debug_macro   0x0000000000001638       0x10 Src/main.o
 .debug_macro   0x0000000000001648       0x6a Src/main.o
 .debug_macro   0x00000000000016b2       0x1c Src/main.o
 .debug_macro   0x00000000000016ce       0x52 Src/main.o
 .debug_macro   0x0000000000001720       0x40 Src/main.o
 .debug_macro   0x0000000000001760       0x10 Src/main.o
 .debug_macro   0x0000000000001770       0x40 Src/main.o
 .debug_macro   0x00000000000017b0       0xd7 Src/main.o
 .debug_macro   0x0000000000001887       0x1c Src/main.o
 .debug_macro   0x00000000000018a3       0x3d Src/main.o
 .debug_macro   0x00000000000018e0       0x16 Src/main.o
 .debug_macro   0x00000000000018f6      0x145 Src/main.o
 .debug_macro   0x0000000000001a3b      0xdc1 Src/syscalls.o
 .debug_macro   0x00000000000027fc      0x174 Src/syscalls.o
 .debug_macro   0x0000000000002970       0x10 Src/syscalls.o
 .debug_macro   0x0000000000002980       0x35 Src/syscalls.o
 .debug_macro   0x00000000000029b5       0x10 Src/syscalls.o
 .debug_macro   0x00000000000029c5       0x10 Src/syscalls.o
 .debug_macro   0x00000000000029d5       0x35 Src/syscalls.o
 .debug_macro   0x0000000000002a0a      0x122 Src/syscalls.o
 .debug_macro   0x0000000000002b2c       0x16 Src/syscalls.o
 .debug_macro   0x0000000000002b42       0x16 Src/syscalls.o
 .debug_macro   0x0000000000002b58       0x29 Src/syscalls.o
 .debug_macro   0x0000000000002b81       0x10 Src/syscalls.o
 .debug_macro   0x0000000000002b91      0x241 Src/syscalls.o
 .debug_macro   0x0000000000002dd2       0x1c Src/syscalls.o
 .debug_macro   0x0000000000002dee       0x10 Src/syscalls.o
 .debug_macro   0x0000000000002dfe      0x189 Src/syscalls.o
 .debug_macro   0x0000000000002f87       0x16 Src/syscalls.o
 .debug_macro   0x0000000000002f9d       0x88 Src/syscalls.o
 .debug_macro   0x0000000000003025      0xd1a Src/sysmem.o
 .debug_macro   0x0000000000003d3f      0x23b Src/sysmem.o

.debug_line     0x0000000000000000     0x127c
 .debug_line    0x0000000000000000      0x53f Src/main.o
 .debug_line    0x000000000000053f      0x75f Src/syscalls.o
 .debug_line    0x0000000000000c9e      0x55a Src/sysmem.o
 .debug_line    0x00000000000011f8       0x84 Startup/startup_stm32f407vgtx.o

.debug_str      0x0000000000000000     0x877c
 .debug_str     0x0000000000000000     0x747e Src/main.o
                                       0x765a (size before relaxing)
 .debug_str     0x000000000000747e     0x129c Src/syscalls.o
                                       0x8954 (size before relaxing)
 .debug_str     0x000000000000871a       0x31 Src/sysmem.o
                                       0x7af2 (size before relaxing)
 .debug_str     0x000000000000874b       0x31 Startup/startup_stm32f407vgtx.o
                                         0x5e (size before relaxing)

.comment        0x0000000000000000       0x7b
 .comment       0x0000000000000000       0x7b Src/main.o
                                         0x7c (size before relaxing)
 .comment       0x000000000000007b       0x7c Src/syscalls.o
 .comment       0x000000000000007b       0x7c Src/sysmem.o

.debug_frame    0x0000000000000000      0xa68
 .debug_frame   0x0000000000000000       0x2c Src/main.o
 .debug_frame   0x000000000000002c      0x2d4 Src/syscalls.o
 .debug_frame   0x0000000000000300       0x34 Src/sysmem.o
 .debug_frame   0x0000000000000334       0x20 d:/st/stm32cubeide_1.5.1/stm32cubeide/plugins/com.st.stm32cube.ide.mcu.externaltools.gnu-tools-for-stm32.7-2018-q2-update.win32_1.5.0.202011040924/tools/bin/../lib/gcc/arm-none-eabi/7.3.1/../../../../arm-none-eabi/lib/thumb/v7e-m/fpv4-sp/hard\libc_nano.a(lib_a-errno.o)
 .debug_frame   0x0000000000000354       0x2c d:/st/stm32cubeide_1.5.1/stm32cubeide/plugins/com.st.stm32cube.ide.mcu.externaltools.gnu-tools-for-stm32.7-2018-q2-update.win32_1.5.0.202011040924/tools/bin/../lib/gcc/arm-none-eabi/7.3.1/../../../../arm-none-eabi/lib/thumb/v7e-m/fpv4-sp/hard\libc_nano.a(lib_a-init.o)
 .debug_frame   0x0000000000000380       0x20 d:/st/stm32cubeide_1.5.1/stm32cubeide/plugins/com.st.stm32cube.ide.mcu.externaltools.gnu-tools-for-stm32.7-2018-q2-update.win32_1.5.0.202011040924/tools/bin/../lib/gcc/arm-none-eabi/7.3.1/../../../../arm-none-eabi/lib/thumb/v7e-m/fpv4-sp/hard\libc_nano.a(lib_a-memset.o)
 .debug_frame   0x00000000000003a0       0x74 d:/st/stm32cubeide_1.5.1/stm32cubeide/plugins/com.st.stm32cube.ide.mcu.externaltools.gnu-tools-for-stm32.7-2018-q2-update.win32_1.5.0.202011040924/tools/bin/../lib/gcc/arm-none-eabi/7.3.1/../../../../arm-none-eabi/lib/thumb/v7e-m/fpv4-sp/hard\libc_nano.a(lib_a-printf.o)
 .debug_frame   0x0000000000000414      0x11c d:/st/stm32cubeide_1.5.1/stm32cubeide/plugins/com.st.stm32cube.ide.mcu.externaltools.gnu-tools-for-stm32.7-2018-q2-update.win32_1.5.0.202011040924/tools/bin/../lib/gcc/arm-none-eabi/7.3.1/../../../../arm-none-eabi/lib/thumb/v7e-m/fpv4-sp/hard\libc_nano.a(lib_a-findfp.o)
 .debug_frame   0x0000000000000530       0x54 d:/st/stm32cubeide_1.5.1/stm32cubeide/plugins/com.st.stm32cube.ide.mcu.externaltools.gnu-tools-for-stm32.7-2018-q2-update.win32_1.5.0.202011040924/tools/bin/../lib/gcc/arm-none-eabi/7.3.1/../../../../arm-none-eabi/lib/thumb/v7e-m/fpv4-sp/hard\libc_nano.a(lib_a-fwalk.o)
 .debug_frame   0x0000000000000584       0x2c d:/st/stm32cubeide_1.5.1/stm32cubeide/plugins/com.st.stm32cube.ide.mcu.externaltools.gnu-tools-for-stm32.7-2018-q2-update.win32_1.5.0.202011040924/tools/bin/../lib/gcc/arm-none-eabi/7.3.1/../../../../arm-none-eabi/lib/thumb/v7e-m/fpv4-sp/hard\libc_nano.a(lib_a-nano-mallocr.o)
 .debug_frame   0x00000000000005b0       0xac d:/st/stm32cubeide_1.5.1/stm32cubeide/plugins/com.st.stm32cube.ide.mcu.externaltools.gnu-tools-for-stm32.7-2018-q2-update.win32_1.5.0.202011040924/tools/bin/../lib/gcc/arm-none-eabi/7.3.1/../../../../arm-none-eabi/lib/thumb/v7e-m/fpv4-sp/hard\libc_nano.a(lib_a-nano-vfprintf.o)
 .debug_frame   0x000000000000065c       0x60 d:/st/stm32cubeide_1.5.1/stm32cubeide/plugins/com.st.stm32cube.ide.mcu.externaltools.gnu-tools-for-stm32.7-2018-q2-update.win32_1.5.0.202011040924/tools/bin/../lib/gcc/arm-none-eabi/7.3.1/../../../../arm-none-eabi/lib/thumb/v7e-m/fpv4-sp/hard\libc_nano.a(lib_a-nano-vfprintf_i.o)
 .debug_frame   0x00000000000006bc       0x2c d:/st/stm32cubeide_1.5.1/stm32cubeide/plugins/com.st.stm32cube.ide.mcu.externaltools.gnu-tools-for-stm32.7-2018-q2-update.win32_1.5.0.202011040924/tools/bin/../lib/gcc/arm-none-eabi/7.3.1/../../../../arm-none-eabi/lib/thumb/v7e-m/fpv4-sp/hard\libc_nano.a(lib_a-sbrkr.o)
 .debug_frame   0x00000000000006e8       0x88 d:/st/stm32cubeide_1.5.1/stm32cubeide/plugins/com.st.stm32cube.ide.mcu.externaltools.gnu-tools-for-stm32.7-2018-q2-update.win32_1.5.0.202011040924/tools/bin/../lib/gcc/arm-none-eabi/7.3.1/../../../../arm-none-eabi/lib/thumb/v7e-m/fpv4-sp/hard\libc_nano.a(lib_a-stdio.o)
 .debug_frame   0x0000000000000770       0x40 d:/st/stm32cubeide_1.5.1/stm32cubeide/plugins/com.st.stm32cube.ide.mcu.externaltools.gnu-tools-for-stm32.7-2018-q2-update.win32_1.5.0.202011040924/tools/bin/../lib/gcc/arm-none-eabi/7.3.1/../../../../arm-none-eabi/lib/thumb/v7e-m/fpv4-sp/hard\libc_nano.a(lib_a-wbuf.o)
 .debug_frame   0x00000000000007b0       0x2c d:/st/stm32cubeide_1.5.1/stm32cubeide/plugins/com.st.stm32cube.ide.mcu.externaltools.gnu-tools-for-stm32.7-2018-q2-update.win32_1.5.0.202011040924/tools/bin/../lib/gcc/arm-none-eabi/7.3.1/../../../../arm-none-eabi/lib/thumb/v7e-m/fpv4-sp/hard\libc_nano.a(lib_a-writer.o)
 .debug_frame   0x00000000000007dc       0x2c d:/st/stm32cubeide_1.5.1/stm32cubeide/plugins/com.st.stm32cube.ide.mcu.externaltools.gnu-tools-for-stm32.7-2018-q2-update.win32_1.5.0.202011040924/tools/bin/../lib/gcc/arm-none-eabi/7.3.1/../../../../arm-none-eabi/lib/thumb/v7e-m/fpv4-sp/hard\libc_nano.a(lib_a-wsetup.o)
 .debug_frame   0x0000000000000808       0x2c d:/st/stm32cubeide_1.5.1/stm32cubeide/plugins/com.st.stm32cube.ide.mcu.externaltools.gnu-tools-for-stm32.7-2018-q2-update.win32_1.5.0.202011040924/tools/bin/../lib/gcc/arm-none-eabi/7.3.1/../../../../arm-none-eabi/lib/thumb/v7e-m/fpv4-sp/hard\libc_nano.a(lib_a-closer.o)
 .debug_frame   0x0000000000000834       0x68 d:/st/stm32cubeide_1.5.1/stm32cubeide/plugins/com.st.stm32cube.ide.mcu.externaltools.gnu-tools-for-stm32.7-2018-q2-update.win32_1.5.0.202011040924/tools/bin/../lib/gcc/arm-none-eabi/7.3.1/../../../../arm-none-eabi/lib/thumb/v7e-m/fpv4-sp/hard\libc_nano.a(lib_a-fflush.o)
 .debug_frame   0x000000000000089c       0x2c d:/st/stm32cubeide_1.5.1/stm32cubeide/plugins/com.st.stm32cube.ide.mcu.externaltools.gnu-tools-for-stm32.7-2018-q2-update.win32_1.5.0.202011040924/tools/bin/../lib/gcc/arm-none-eabi/7.3.1/../../../../arm-none-eabi/lib/thumb/v7e-m/fpv4-sp/hard\libc_nano.a(lib_a-lseekr.o)
 .debug_frame   0x00000000000008c8       0x58 d:/st/stm32cubeide_1.5.1/stm32cubeide/plugins/com.st.stm32cube.ide.mcu.externaltools.gnu-tools-for-stm32.7-2018-q2-update.win32_1.5.0.202011040924/tools/bin/../lib/gcc/arm-none-eabi/7.3.1/../../../../arm-none-eabi/lib/thumb/v7e-m/fpv4-sp/hard\libc_nano.a(lib_a-makebuf.o)
 .debug_frame   0x0000000000000920       0x30 d:/st/stm32cubeide_1.5.1/stm32cubeide/plugins/com.st.stm32cube.ide.mcu.externaltools.gnu-tools-for-stm32.7-2018-q2-update.win32_1.5.0.202011040924/tools/bin/../lib/gcc/arm-none-eabi/7.3.1/../../../../arm-none-eabi/lib/thumb/v7e-m/fpv4-sp/hard\libc_nano.a(lib_a-mlock.o)
 .debug_frame   0x0000000000000950       0x38 d:/st/stm32cubeide_1.5.1/stm32cubeide/plugins/com.st.stm32cube.ide.mcu.externaltools.gnu-tools-for-stm32.7-2018-q2-update.win32_1.5.0.202011040924/tools/bin/../lib/gcc/arm-none-eabi/7.3.1/../../../../arm-none-eabi/lib/thumb/v7e-m/fpv4-sp/hard\libc_nano.a(lib_a-nano-freer.o)
 .debug_frame   0x0000000000000988       0x2c d:/st/stm32cubeide_1.5.1/stm32cubeide/plugins/com.st.stm32cube.ide.mcu.externaltools.gnu-tools-for-stm32.7-2018-q2-update.win32_1.5.0.202011040924/tools/bin/../lib/gcc/arm-none-eabi/7.3.1/../../../../arm-none-eabi/lib/thumb/v7e-m/fpv4-sp/hard\libc_nano.a(lib_a-readr.o)
 .debug_frame   0x00000000000009b4       0x5c d:/st/stm32cubeide_1.5.1/stm32cubeide/plugins/com.st.stm32cube.ide.mcu.externaltools.gnu-tools-for-stm32.7-2018-q2-update.win32_1.5.0.202011040924/tools/bin/../lib/gcc/arm-none-eabi/7.3.1/../../../../arm-none-eabi/lib/thumb/v7e-m/fpv4-sp/hard\libc_nano.a(lib_a-reent.o)
 .debug_frame   0x0000000000000a10       0x2c d:/st/stm32cubeide_1.5.1/stm32cubeide/plugins/com.st.stm32cube.ide.mcu.externaltools.gnu-tools-for-stm32.7-2018-q2-update.win32_1.5.0.202011040924/tools/bin/../lib/gcc/arm-none-eabi/7.3.1/../../../../arm-none-eabi/lib/thumb/v7e-m/fpv4-sp/hard\libc_nano.a(lib_a-fstatr.o)
 .debug_frame   0x0000000000000a3c       0x2c d:/st/stm32cubeide_1.5.1/stm32cubeide/plugins/com.st.stm32cube.ide.mcu.externaltools.gnu-tools-for-stm32.7-2018-q2-update.win32_1.5.0.202011040924/tools/bin/../lib/gcc/arm-none-eabi/7.3.1/../../../../arm-none-eabi/lib/thumb/v7e-m/fpv4-sp/hard\libc_nano.a(lib_a-isattyr.o)
