18:21:19 **** Incremental Build of configuration Debug for project 017_USART3_int_pend ****
make -j12 all 
arm-none-eabi-gcc "../Src/main.c" -mcpu=cortex-m4 -std=gnu11 -g3 -DSTM32 -DSTM32F407G_DISC1 -DSTM32F4 -DSTM32F407VGTx -DDEBUG -c -I../Inc -O0 -ffunction-sections -fdata-sections -Wall -fstack-usage -MMD -MP -MF"Src/main.d" -MT"Src/main.o" --specs=nano.specs -mfpu=fpv4-sp-d16 -mfloat-abi=hard -mthumb -o "Src/main.o"
../Src/main.c:27:4: warning: #warning "FPU is not initialized, but the project is compiling for an FPU. Please initialize the FPU before use." [-Wcpp]
   #warning "FPU is not initialized, but the project is compiling for an FPU. Please initialize the FPU before use."
    ^~~~~~~
arm-none-eabi-gcc -o "017_USART3_int_pend.elf" @"objects.list"   -mcpu=cortex-m4 -T"D:\Embedded_C\My_Workspace\target\017_USART3_int_pend\STM32F407VGTX_FLASH.ld" --specs=nosys.specs -Wl,-Map="017_USART3_int_pend.map" -Wl,--gc-sections -static --specs=nano.specs -mfpu=fpv4-sp-d16 -mfloat-abi=hard -mthumb -Wl,--start-group -lc -lm -Wl,--end-group
Finished building target: 017_USART3_int_pend.elf
 
arm-none-eabi-objdump -h -S  017_USART3_int_pend.elf  > "017_USART3_int_pend.list"
arm-none-eabi-objcopy  -O binary  017_USART3_int_pend.elf  "017_USART3_int_pend.bin"
arm-none-eabi-size   017_USART3_int_pend.elf 
   text	   data	    bss	    dec	    hex	filename
   3556	    108	   1580	   5244	   147c	017_USART3_int_pend.elf
Finished building: default.size.stdout
 
Finished building: 017_USART3_int_pend.bin
Finished building: 017_USART3_int_pend.list
 
 

18:21:19 Build Finished. 0 errors, 1 warnings. (took 408ms)

