14:45:21 **** Incremental Build of configuration Debug for project 020_svc_operation ****
make -j12 all 
arm-none-eabi-gcc -mcpu=cortex-m4 -g3 -c -x assembler-with-cpp -MMD -MP -MF"Startup/startup_stm32f407vgtx.d" -MT"Startup/startup_stm32f407vgtx.o" --specs=nano.specs -mfpu=fpv4-sp-d16 -mfloat-abi=hard -mthumb -o "Startup/startup_stm32f407vgtx.o" "../Startup/startup_stm32f407vgtx.s"
arm-none-eabi-gcc "../Src/main.c" -mcpu=cortex-m4 -std=gnu11 -g3 -DSTM32 -DSTM32F407G_DISC1 -DSTM32F4 -DSTM32F407VGTx -DDEBUG -c -I../Inc -O0 -ffunction-sections -fdata-sections -Wall -fstack-usage -MMD -MP -MF"Src/main.d" -MT"Src/main.o" --specs=nano.specs -mfpu=fpv4-sp-d16 -mfloat-abi=hard -mthumb -o "Src/main.o"
arm-none-eabi-gcc "../Src/syscalls.c" -mcpu=cortex-m4 -std=gnu11 -g3 -DSTM32 -DSTM32F407G_DISC1 -DSTM32F4 -DSTM32F407VGTx -DDEBUG -c -I../Inc -O0 -ffunction-sections -fdata-sections -Wall -fstack-usage -MMD -MP -MF"Src/syscalls.d" -MT"Src/syscalls.o" --specs=nano.specs -mfpu=fpv4-sp-d16 -mfloat-abi=hard -mthumb -o "Src/syscalls.o"
arm-none-eabi-gcc "../Src/sysmem.c" -mcpu=cortex-m4 -std=gnu11 -g3 -DSTM32 -DSTM32F407G_DISC1 -DSTM32F4 -DSTM32F407VGTx -DDEBUG -c -I../Inc -O0 -ffunction-sections -fdata-sections -Wall -fstack-usage -MMD -MP -MF"Src/sysmem.d" -MT"Src/sysmem.o" --specs=nano.specs -mfpu=fpv4-sp-d16 -mfloat-abi=hard -mthumb -o "Src/sysmem.o"
../Src/main.c:24:4: warning: #warning "FPU is not initialized, but the project is compiling for an FPU. Please initialize the FPU before use." [-Wcpp]
   #warning "FPU is not initialized, but the project is compiling for an FPU. Please initialize the FPU before use."
    ^~~~~~~
../Src/main.c:63:1: warning: 'nacked' attribute directive ignored [-Wattributes]
 __attribute ((nacked)) void SVC_Handler(){
 ^~~~~~~~~~~
../Src/main.c: In function 'SVC_Handler_c':
../Src/main.c:71:22: warning: variable 'res' set but not used [-Wunused-but-set-variable]
  uint32_t arg0, arg1,res;
                      ^~~
arm-none-eabi-gcc -o "020_svc_operation.elf" @"objects.list"   -mcpu=cortex-m4 -T"D:\Embedded_C\My_Workspace\target\svc_operation\STM32F407VGTX_FLASH.ld" --specs=nosys.specs -Wl,-Map="020_svc_operation.map" -Wl,--gc-sections -static --specs=nano.specs -mfpu=fpv4-sp-d16 -mfloat-abi=hard -mthumb -Wl,--start-group -lc -lm -Wl,--end-group
Finished building target: 020_svc_operation.elf
 
arm-none-eabi-size   020_svc_operation.elf 
arm-none-eabi-objdump -h -S  020_svc_operation.elf  > "020_svc_operation.list"
arm-none-eabi-objcopy  -O binary  020_svc_operation.elf  "020_svc_operation.bin"
   text	   data	    bss	    dec	    hex	filename
   5444	    108	   1580	   7132	   1bdc	020_svc_operation.elf
Finished building: default.size.stdout
 
Finished building: 020_svc_operation.bin
 
Finished building: 020_svc_operation.list
 

14:45:22 Build Finished. 0 errors, 3 warnings. (took 655ms)

