main.c:46:5:main	8	static
main.c:68:6:task1_handler	8	static
main.c:74:6:task2_handler	8	static
main.c:81:6:task3_handler	8	static
main.c:87:6:task4_handler	8	static
main.c:93:6:init_systick_timer	32	static
main.c:111:28:init_scheduler_stack	0	static,ignoring_inline_asm
main.c:117:6:init_tasks_stack	24	static
main.c:139:6:enable_processor_faults	16	static
main.c:148:10:get_psp_value	4	static
main.c:154:6:save_psp_value	16	static
main.c:159:6:update_next_task	4	static
main.c:164:29:switch_sp_to_psp	4	static,ignoring_inline_asm
main.c:178:28:SysTick_Handler	4	static,ignoring_inline_asm
main.c:205:6:HardFault_Handler	8	static
main.c:209:6:MemManage_Handler	8	static
main.c:215:6:BusFault_Handler	8	static
